// Jest Snapshot v1, https://goo.gl/fbAQLP

exports[`Ads Component will match snapshot 1`] = `
<div>
  Loading
</div>
`;
